[backblue.gif]
[fade.gif]
[index.html]
[www.walldrug.com/favicon.ico]
[www.walldrug.com/assets/images/uploads/og-logo.jpg]
[www.walldrug.com/assets/images/uploads/theme/walldruglogo.png]
[www.walldrug.com/assets/images/uploads/theme/arrow-hr.png]
[www.walldrug.com/assets/images/uploads/theme/arrow-up-40x160.png]
[www.walldrug.com/assets/images/uploads/attractions-map.jpg]
[www.walldrug.com/assets/images/uploads/accepted-payments.png]
[www.walldrug.com/index.html]
[maxcdn.bootstrapcdn.com/font-awesome/4.7.0/css/font-awesome.min.css]
[www.walldrug.com/theme/walldrug/images/ajax-loader.gif]
[www.walldrug.com/theme/walldrug/fonts/slick.eot]
[www.walldrug.com/theme/walldrug/fonts/slickd41d.eot]
[www.walldrug.com/theme/walldrug/fonts/slick.woff]
[www.walldrug.com/theme/walldrug/fonts/slick.ttf]
[www.walldrug.com/theme/walldrug/fonts/filmotype/filmotype-keynote.eot]
[www.walldrug.com/theme/walldrug/fonts/filmotype/filmotype-keynoted41d.eot]
[www.walldrug.com/theme/walldrug/fonts/filmotype/filmotype-keynote.woff2]
[www.walldrug.com/theme/walldrug/fonts/filmotype/filmotype-keynote.woff]
[www.walldrug.com/theme/walldrug/fonts/filmotype/filmotype-keynote.ttf]
[www.walldrug.com/theme/walldrug/fonts/gringo/gringo-webfont.eot]
[www.walldrug.com/theme/walldrug/fonts/gringo/gringo-webfontd41d.eot]
[www.walldrug.com/theme/walldrug/fonts/gringo/gringo-webfont.woff]
[www.walldrug.com/theme/walldrug/fonts/gringo/gringo-webfont.ttf]
[www.walldrug.com/theme/walldrug/fonts/opensans/opensans-regular-webfont.eot]
[www.walldrug.com/theme/walldrug/fonts/opensans/opensans-regular-webfontd41d.eot]
[www.walldrug.com/theme/walldrug/fonts/opensans/opensans-regular-webfont.woff2]
[www.walldrug.com/theme/walldrug/fonts/opensans/opensans-regular-webfont.woff]
[www.walldrug.com/theme/walldrug/fonts/opensans/opensans-regular-webfont.ttf]
[www.walldrug.com/theme/walldrug/fonts/opensans/opensans-bold-webfont.eot]
[www.walldrug.com/theme/walldrug/fonts/opensans/opensans-bold-webfontd41d.eot]
[www.walldrug.com/theme/walldrug/fonts/opensans/opensans-bold-webfont.woff2]
[www.walldrug.com/theme/walldrug/fonts/opensans/opensans-bold-webfont.woff]
[www.walldrug.com/theme/walldrug/fonts/opensans/opensans-bold-webfont.ttf]
[www.walldrug.com/assets/images/uploads/theme/button-border-1-orange.png]
[www.walldrug.com/assets/images/uploads/theme/button-border-1-green.png]
[www.walldrug.com/assets/images/uploads/theme/button-border-1-white.png]
[www.walldrug.com/assets/images/uploads/theme/button-border-1-marigold.png]
[www.walldrug.com/assets/images/uploads/theme/button-border-1-red.png]
[www.walldrug.com/assets/images/uploads/theme/button-border-2-white.png]
[www.walldrug.com/assets/images/uploads/theme/button-border-2-green.png]
[www.walldrug.com/assets/images/uploads/theme/button-border-2-orange.png]
[www.walldrug.com/assets/images/uploads/theme/button-border-2-red.png]
[www.walldrug.com/assets/images/uploads/theme/button-border-3.png]
[www.walldrug.com/assets/images/uploads/theme/button-border-4.png]
[www.walldrug.com/assets/images/uploads/theme/spritemap.gif]
[www.walldrug.com/assets/images/uploads/theme/background-body-r.jpg]
[www.walldrug.com/assets/images/uploads/pages/home/img-homepage-billboards.jpg]
[www.walldrug.com/assets/images/uploads/pages/home/img-homepage-history.jpg]
[www.walldrug.com/assets/images/uploads/pages/home/img-homepage-original-store-resized.jpg]
[www.walldrug.com/assets/images/uploads/theme/arrow-prev-marigold.png]
[www.walldrug.com/assets/images/uploads/theme/arrow-prev-white.png]
[www.walldrug.com/assets/images/uploads/theme/arrow-next-marigold.png]
[www.walldrug.com/assets/images/uploads/theme/arrow-next-white.png]
[www.walldrug.com/assets/vendor/jquery-ui/images/ui-bg_highlight-soft_75_cccccc_1x100.png]
[www.walldrug.com/assets/vendor/jquery-ui/images/ui-bg_glass_75_e6e6e6_1x400.png]
[www.walldrug.com/assets/vendor/jquery-ui/images/ui-bg_glass_75_dadada_1x400.png]
[www.walldrug.com/assets/vendor/jquery-ui/images/ui-bg_glass_65_ffffff_1x400.png]
[www.walldrug.com/assets/vendor/jquery-ui/images/ui-bg_glass_55_fbf9ee_1x400.png]
[www.walldrug.com/assets/vendor/jquery-ui/images/ui-bg_glass_95_fef1ec_1x400.png]
[www.walldrug.com/assets/vendor/jquery-ui/images/ui-icons_222222_256x240.png]
[www.walldrug.com/assets/vendor/jquery-ui/images/ui-icons_454545_256x240.png]
[www.walldrug.com/assets/vendor/jquery-ui/images/ui-icons_2e83ff_256x240.png]
[www.walldrug.com/assets/vendor/jquery-ui/images/ui-icons_cd0a0a_256x240.png]
[www.walldrug.com/assets/vendor/jquery-ui/images/ui-icons_888888_256x240.png]
[www.walldrug.com/theme/walldrug/css/cached-bundle-head7f78.css]
[www.walldrug.com/theme/walldrug/scripts/cached-bundle-head7f78.js]
[www.walldrug.com/theme/walldrug/scripts/typed.js]
[www.walldrug.com/assets/images/uploads/historic/wall-drug-storefront.jpg]
[www.walldrug.com/assets/images/uploads/wall-drug-storefront.jpg]
[www.walldrug.com/assets/images/uploads/historic/wall-drug-ted-and-dorothy-hustead.jpg]
[www.walldrug.com/assets/images/uploads/signs/wall-drug-billboards-0000-img-1509.jpg]
[www.walldrug.com/assets/images/uploads/historic/wall-drug-ted-bill-1.jpg]
[www.walldrug.com/assets/images/uploads/historic/wall-drug-ted-travel.jpg]
[www.walldrug.com/assets/images/uploads/historic/wall-drug-1951.jpg]
[www.walldrug.com/assets/images/uploads/historic/wall-drug-storefront-tourists.jpg]
[www.walldrug.com/assets/images/uploads/historic/wall-drug-ted-bill-rick-storefront.jpg]
[www.walldrug.com/assets/images/uploads/historic/wall-drug-1980s.jpg]
[www.walldrug.com/about-us/index.html]
[www.walldrug.com/assets/images/uploads/images-2022/bk6a0705.jpg]
[www.walldrug.com/assets/images/uploads/pages/history/signs/wall-drug-great-wall-of-china.jpg]
[www.walldrug.com/assets/images/uploads/pages/history/signs/wall-drug-historic-sign--taj-mahal-india.jpg]
[www.walldrug.com/assets/images/uploads/pages/history/signs/wall-drug-historic-sign-france-1.jpg]
[www.walldrug.com/assets/images/uploads/pages/history/signs/wall-drug-historic-sign-france-2.jpg]
[www.walldrug.com/assets/images/uploads/pages/history/signs/wall-drug-historic-sign-north-pole-01.jpg]
[www.walldrug.com/assets/images/uploads/pages/history/signs/wall-drug-historic-sign-north-pole-02.jpg]
[www.walldrug.com/assets/images/uploads/pages/history/signs/wall-drug-historic-sign-north-pole-03.jpg]
[www.walldrug.com/assets/images/uploads/pages/history/signs/wall-drug-historic-sign-north-pole-04.jpg]
[www.walldrug.com/assets/images/uploads/pages/history/signs/wall-drug-historic-sign-north-pole-05.jpg]
[www.walldrug.com/assets/images/uploads/pages/history/signs/wall-drug-historic-sign-north-pole-06.jpg]
[www.walldrug.com/assets/images/uploads/pages/history/signs/wall-drug-historic-sign-north-pole-07.jpg]
[www.walldrug.com/assets/images/uploads/pages/history/signs/wall-drug-historic-sign-north-pole-08.jpg]
[www.walldrug.com/assets/images/uploads/pages/history/signs/wall-drug-historic-sign-north-pole-09.jpg]
[www.walldrug.com/assets/images/uploads/signs/billboards/dsc00653.jpg]
[www.walldrug.com/assets/images/uploads/signs/billboards/dsc00655.jpg]
[www.walldrug.com/assets/images/uploads/signs/billboards/dsc00657.jpg]
[www.walldrug.com/assets/images/uploads/signs/billboards/dsc00659.jpg]
[www.walldrug.com/assets/images/uploads/signs/billboards/dsc00661.jpg]
[www.walldrug.com/assets/images/uploads/signs/billboards/dsc00663.jpg]
[www.walldrug.com/assets/images/uploads/signs/billboards/dsc00665.jpg]
[www.walldrug.com/assets/images/uploads/signs/billboards/dsc00669.jpg]
[www.walldrug.com/assets/images/uploads/signs/billboards/dsc00671.jpg]
[www.walldrug.com/assets/images/uploads/signs/billboards/dsc00673.jpg]
[www.walldrug.com/assets/images/uploads/signs/billboards/dsc00675.jpg]
[www.walldrug.com/assets/images/uploads/signs/billboards/dsc00677.jpg]
[www.walldrug.com/assets/images/uploads/signs/billboards/dsc00681.jpg]
[www.walldrug.com/assets/images/uploads/signs/billboards/dsc00683.jpg]
[www.walldrug.com/assets/images/uploads/signs/billboards/dsc00685.jpg]
[www.walldrug.com/assets/images/uploads/signs/billboards/dsc00687.jpg]
[www.walldrug.com/assets/images/uploads/signs/billboards/dsc00689.jpg]
[www.walldrug.com/assets/images/uploads/signs/billboards/dsc00693.jpg]
[www.walldrug.com/assets/images/uploads/signs/billboards/dsc00696.jpg]
[www.walldrug.com/assets/images/uploads/signs/billboards/dsc00698.jpg]
[www.walldrug.com/about-us/wall-drug-signs/index.html]
[www.walldrug.com/assets/images/uploads/images-2022/209.jpg]
[www.walldrug.com/assets/images/uploads/city/wall-drug-city-of-wall-south-dakota-1914x2000.jpg]
[www.walldrug.com/assets/images/uploads/images-2022/bk6a0019.jpg]
[www.walldrug.com/about-us/city-of-wall/index.html]
[www.walldrug.com/assets/images/uploads/wall-bus-map-1.jpg]
[www.walldrug.com/assets/images/uploads/wall-map-1.jpg]
[www.walldrug.com/about-us/bus-tours/index.html]
[www.walldrug.com/assets/images/uploads/employment/wall-drug-employee.jpg]
[www.walldrug.com/assets/images/uploads/employment/wall-drug-employment-2000x2000.jpg]
[www.walldrug.com/about-us/employment/index.html]
[www.walldrug.com/about-us/employment/adults/index.html]
[www.walldrug.com/about-us/employment/students/index.html]
[www.walldrug.com/about-us/employment/application/index.html]
[www.walldrug.com/assets/images/uploads/chapel-window-2.jpg]
[www.walldrug.com/assets/images/uploads/roadtrip.png]
[www.walldrug.com/assets/images/uploads/0bk.png]
[www.walldrug.com/assets/images/uploads/signs/wall-drug-billboards-0020-img-1483.jpg]
[www.walldrug.com/assets/images/uploads/wall-drug-family-eating-at-western-art-gallery-restaurant-2000x1499.jpg]
[www.walldrug.com/assets/images/uploads/martin-donut-photo.jpg]
[www.walldrug.com/assets/images/uploads/shopping/wall-drug-shopping.jpg]
[www.walldrug.com/assets/images/uploads/pages/visit/wall-drug-exterior-planning-your-trip-2000x1230.jpg]
[www.walldrug.com/news/list/index.html]
[www.walldrug.com/assets/images/uploads/store-front.jpg]
[www.walldrug.com/about-us/contact-us/index.html]
[www.walldrug.com/assets/images/uploads/images-2022/bk6a0589.jpg]
[www.walldrug.com/assets/images/uploads/images-2022/bk6a0069.jpg]
[www.walldrug.com/assets/images/uploads/free-ice-water/free-ice-water-husteads-wall-drug-1368x1039.jpg]
[www.walldrug.com/assets/images/uploads/food/wall-drug-children-enjoying-hardy-meal-2000x1333.jpg]
[www.walldrug.com/assets/images/uploads/images-2022/205.jpg]
[www.walldrug.com/assets/images/uploads/images-2022/bk6a0689.jpg]
[www.walldrug.com/assets/images/uploads/wall-drug-entrance-to-badlands-national-park-3-2000x2000.jpg]
[www.walldrug.com/plan-your-visit/index.html]
[www.walldrug.com/plan-your-visit/minuteman-missile-national-historic-site/index.html]
[www.walldrug.com/assets/images/uploads/pages/minuteman-missile-site/800px-minuteman-iii-in-silo-1989.jpg]
[www.walldrug.com/assets/images/uploads/pages/badlands-national-park/wall-drug-entrance-to-badlands-national-park-3-2000x2000.jpg]
[www.walldrug.com/assets/images/uploads/pages/badlands-national-park/wall-drug-entrance-to-badlands-national-park-2-2000x2000.jpg]
[www.walldrug.com/assets/images/uploads/pages/badlands-national-park/wall-drug-entrance-to-badlands-national-park-4-2000x2000.jpg]
[www.walldrug.com/plan-your-visit/badlands-national-park/index.html]
[www.walldrug.com/assets/images/uploads/pages/badlands-national-park/wall-drug-entrance-to-badlands-national-park-1325x2000.jpg]
[www.walldrug.com/assets/images/uploads/images-2022/bk6a0717.jpg]
[www.walldrug.com/assets/images/uploads/backyard/wall-drug-backyard-mount-rushmore-2000x1333.jpg]
[www.walldrug.com/assets/images/uploads/images-2022/bk6a0502.jpg]
[www.walldrug.com/assets/images/uploads/backyard/wall-drug-backyard-sign-2000x1333.jpg]
[www.walldrug.com/assets/images/uploads/activities/wall-drug-family-running-from-t-rex-animatronics-display-1333x2000.jpg]
[www.walldrug.com/assets/images/uploads/paintings/wall-drug-restaurant-art-gallery-0002-dsc00566.jpg]
[www.walldrug.com/things-to-do/index.html]
[www.walldrug.com/assets/images/uploads/images-2022/bk6a0243.jpg]
[www.walldrug.com/assets/images/uploads/images-2022/bk6a0249.jpg]
[www.walldrug.com/things-to-do/shopping/index.html]
[www.walldrug.com/assets/images/uploads/images-2022/bk6a0381.jpg]
[www.walldrug.com/assets/images/uploads/images-2022/bk6a0354.jpg]
[www.walldrug.com/assets/images/uploads/images-2022/bk6a0318.jpg]
[www.walldrug.com/assets/images/uploads/images-2022/bk6a1196.jpg]
[www.walldrug.com/things-to-do/restaurant/index.html]
[www.walldrug.com/assets/images/uploads/images-2022/bk6a0007.jpg]
[www.walldrug.com/assets/images/uploads/images-2022/bk6a0731.jpg]
[www.walldrug.com/things-to-do/backyard/index.html]
[www.walldrug.com/things-to-do/map/index.html]
[www.walldrug.com/assets/images/uploads/map/walldrug-map.jpg]
[sdks.shopifycdn.com/buy-button/latest/buy-button-storefront.min.js]
[www.walldrug.com/theme/walldrug/img/showcase-1.jpg/index.html]
[www.walldrug.com/theme/walldrug/img/showcase-2.jpg/index.html]
[www.walldrug.com/theme/walldrug/img/plus.png/index.html]
[www.walldrug.com/theme/walldrug/img/pattern.png/index.html]
[www.walldrug.com/theme/walldrug/img/showcase-4.jpg/index.html]
[www.walldrug.com/theme/walldrug/img/grabbing.png/index.html]
[www.walldrug.com/theme/walldrug/img/bg-4.jpg/index.html]
[www.walldrug.com/theme/walldrug/img/showcase-3.jpg/index.html]
[www.walldrug.com/theme/walldrug/img/shadow-bg.png/index.html]
[www.walldrug.com/theme/walldrug/img/construction/constro-bg-2.jpg/index.html]
[www.walldrug.com/theme/walldrug/fonts/slick.svg]
[www.walldrug.com/theme/walldrug/css/grabbing.png/index.html]
[www.walldrug.com/theme/walldrug/css/AjaxLoader.gif/index.html]
[www.walldrug.com/theme/walldrug/fonts/filmotype/filmotype-keynote.svg]
[www.walldrug.com/theme/walldrug/fonts/gringo/gringo-webfont.svg]
[www.walldrug.com/theme/walldrug/fonts/opensans/opensans-regular-webfont.svg]
[www.walldrug.com/theme/walldrug/fonts/opensans/opensans-bold-webfont.svg]
[www.walldrug.com/assets/images/uploads/map/{z}/{x}/{y}.jpg/index.html]
[www.walldrug.com/machform/embed1cf7.html]
[www.walldrug.com/machform/index.html]
[www.walldrug.com/news/article/the-history-of-wall-drug-stores-famous-travelers-chapel-538/index.html]
[www.walldrug.com/news/article/wall-drug-store-road-trip-essential-listening-a-playlist-935/index.html]
[www.walldrug.com/news/article/wall-sd-and-badlands-national-park-vacations-on-a-dime-140/index.html]
[www.walldrug.com/news/article/wall-drug-store-the-must-see-stop-on-your-2022-road-trip-547/index.html]
[www.walldrug.com/news/article/ten-things-you-didn-know-about-wall-drug-store-879/index.html]
[www.walldrug.com/news/article/wall-drug-store-the-things-we-are-thankful-for-787/index.html]
[www.walldrug.com/news/article/the-ultimate-wall-drug-store-gift-giving-guide-284/index.html]
[www.walldrug.com/news/article/you-forgot-something-at-wall-drug-store-545/index.html]
[www.walldrug.com/news/article/wall-drug-store-an-oasis-for-sturgis-rally-goers-704/index.html]
[www.walldrug.com/news/article/how-many-miles-to-wall-drug-a-guide-to-must-see-attractions-near-wall-drug-store-567/index.html]
[www.walldrug.com/news/category/general/index.html]
[www.walldrug.com/news/by-year/2022/index.html]
[www.walldrug.com/news/by-year/2021/index.html]
[www.walldrug.com/news/by-month/08/2022/index.html]
[www.walldrug.com/news/by-month/06/2022/index.html]
[www.walldrug.com/news/by-month/01/2022/index.html]
[www.walldrug.com/news/by-month/12/2021/index.html]
[www.walldrug.com/news/by-month/11/2021/index.html]
[www.walldrug.com/news/by-month/10/2021/index.html]
[www.walldrug.com/news/by-month/08/2021/index.html]
[www.walldrug.com/news/by-month/07/2021/index.html]
[www.walldrug.com/news/by-month/06/2021/index.html]
[www.walldrug.com/news/by-month/04/2021/index.html]
[www.walldrug.com/machform/embedf42b.html]
[sdks.shopifycdn.com/buy-button/latest/no-image.jpg]
[www.walldrug.com/h/index.html]
[www.walldrug.com/mustache.js/index.html]
[ajax.googleapis.com/ajax/libs/webfont/1.6.16/webfont.js]
